// Jest Snapshot v1, https://goo.gl/fbAQLP

exports[`App component renders App 1`] = `
<BrowserRouter>
  <Header />
  <Switch>
    <Route
      component={[Function]}
      path="/about"
    />
  </Switch>
  <Footer />
</BrowserRouter>
`;
